// Jest Snapshot v1, https://goo.gl/fbAQLP

exports[`SignButton default component is unchanged. 1`] = `
<div
  id="g-signin2"
/>
`;

exports[`SignButton with authentication ready. 1`] = `
<div
  id="g-signin2"
/>
`;
