// Jest Snapshot v1, https://goo.gl/fbAQLP

exports[`Header component is unchanged. 1`] = `
<header>
  <img
    alt=" logo"
    className="logo"
    src="/dist/images/wings.svg"
    title=""
  />
  <span />
  <nav>
    <ul>
      <li>
        <NavLink
          activeClassName="active"
          aria-current="page"
          to="/"
        />
      </li>
      <li>
        <a
          className="menu-space"
          href="#"
        >
          Â 
        </a>
      </li>
      <li>
        <a
          className="dropdown"
          href="#"
        />
        <ul>
          <li>
            <NavLink
              activeClassName="active"
              aria-current="page"
              to="/candle"
            />
          </li>
          <li>
            <NavLink
              activeClassName="active"
              aria-current="page"
              to="/health"
            />
          </li>
        </ul>
      </li>
      <li>
        <NavLink
          activeClassName="active"
          aria-current="page"
          to="/"
        />
      </li>
    </ul>
  </nav>
</header>
`;
