// Jest Snapshot v1, https://goo.gl/fbAQLP

exports[`About component is unchanged. 1`] = `
<div>
  About
</div>
`;
