// Jest Snapshot v1, https://goo.gl/fbAQLP

exports[`Blog is rendered empty when no blogElement 1`] = `
<Article
  backLink={true}
  blogElement={null}
  ellipsis={false}
/>
`;
