// Jest Snapshot v1, https://goo.gl/fbAQLP

exports[`Blog is rendered empty when no blogElement 1`] = `
<Blog
  blogElement={
    Object {
      "article": "",
      "articleTitle": "",
      "blogDate": 2018-12-31T17:00:00.000Z,
      "id": 0,
    }
  }
/>
`;
