// Jest Snapshot v1, https://goo.gl/fbAQLP

exports[`Header component is unchanged. 1`] = `
<header
  className="main"
>
  <img
    alt=" logo"
    className="logo"
    src="wings.png"
    title=""
  />
  <span />
  <nav>
    <ul>
      <li>
        <NavLink
          to="/"
        />
      </li>
      <li>
        <a
          className="menu-space"
          href="#"
        >
          Â 
        </a>
      </li>
      <li>
        <a
          className="dropdown"
          href="#"
        />
        <ul>
          <li>
            <NavLink
              to="/candle"
            />
          </li>
          <li>
            <NavLink
              to="/health"
            />
          </li>
        </ul>
      </li>
      <li>
        <a
          className="dropdown"
          href="#"
        />
        <ul>
          <li>
            <NavLink
              to="/about"
            />
          </li>
          <li>
            <NavLink
              to="/resume"
            />
          </li>
          <li>
            <NavLink
              target="_blank"
              to="/resume/?full"
            >
               
              <i
                className="fas fa-print"
              />
            </NavLink>
          </li>
          <li>
            <NavLink
              target="_blank"
              to="/Cedric Rochefolle - Resume 2019.pdf"
            >
               
              <i
                className="fas fa-download"
              />
            </NavLink>
          </li>
        </ul>
      </li>
      <li>
        <SignButton />
      </li>
    </ul>
  </nav>
</header>
`;
