// Jest Snapshot v1, https://goo.gl/fbAQLP

exports[`Home component is unchanged. 1`] = `
Array [
  <Article
    backLink={false}
    blogElement={
      Object {
        "article": "A new begining this year for me. After 5 years at Agoda it is time for me to move on to new challenges. I am going to do something I haven't done for a while: writing a resume that reflects my skills and experience without showing off. Not too much at least <i class='far fa-smile'></i><br />So I'm going to take this opportunity to create it using good CSS3 and HTML5 practices. The first thing I have in mind is to limit the DOM depth. Resumes have simple structures, so we shouldn't need a long list of nested DIVs. Second is to chosing a monospaced font so we can keep control of the format when printing. Let's throw in some <a target='_blank' href='https://fontawesome.com/'>font awesome</a> to have a nice touch on the contact details.<br /> You can see the current version <a href='/resume/?full' target='_blank'>here</a>.",
        "articleTitle": "Starting again",
        "blogDate": 2019-01-01T00:00:00.000Z,
        "id": 1,
        "updateDate": 2019-01-01T00:00:00.000Z,
      }
    }
    ellipsis={true}
    key="0"
  />,
  <Article
    backLink={false}
    blogElement={
      Object {
        "article": "Grand opening of sawan.io.<br />This website is about my personal training on various web-technologies: TypeScript, webpack, ReactJS, Secure HTTP  headers... It includes a simple (and a bit naive) crypto-currency analyser: it can suggest you to sell or buy. Use at your own risk, it is amateur predictions, you have been warned.<br />There will be also an application to track health metrics (weight, % body fat, vascular fat ratio...). Or maybe not, this might be my next project.<br /> This project is open-sourced on <a target='_blank' href='https://github.com/jscoobyced/sawan.io'>Github</a>. Enjoy and have fun.",
        "articleTitle": "Grand opening of sawan.io",
        "blogDate": 2019-01-01T00:00:00.000Z,
        "id": 2,
        "updateDate": 2019-01-01T00:00:00.000Z,
      }
    }
    ellipsis={true}
    key="1"
  />,
  <Article
    backLink={false}
    blogElement={
      Object {
        "article": "Lorem ipsum dolor sit amet, consectetur adipiscing elit, sed do ut labore et dolore magna aliqua. Ut enim ad minim veniam, quis nostrud exercitation ullamco aliquip ex ea commodo consequat. Duis aute irure dolor in reprehenderit in voluptate velit  cillum dolore eu fugiat nulla pariatur.<br />Excepteur sint occaecat cupidatat non proident,  culpa qui officia deserunt mollit anim id est laborum. Commodo qui imperdiet massa tincidunt. Non enim praesent elementum facilisis leo. Adipiscing diam donec adipiscing tristique. Velit euismod in pellentesque massa placerat. Interdum velit euismod in pellentesque. Phasellus vestibulum lorem sed risus ultricies tristique nulla. Egestas erat imperdiet sed euismod nisi porta lorem mollis aliquam. Nulla facilisi etiam dignissim diam quis enim lobortis scelerisque fermentum. Morbi tristique senectus et netus et malesuada fames.<br />Vitae suscipit tellus mauris a diam maecenas. Sed risus ultricies tristique nulla aliquet. Sagittis eu volutpat odio facilisis mauris sit amet. Tempor orci eu lobortis elementum nibh tellus molestie nunc non. Turpis nunc eget lorem dolor.",
        "articleTitle": "Some other news",
        "blogDate": 2019-01-01T00:00:00.000Z,
        "id": 3,
        "updateDate": 2019-01-01T00:00:00.000Z,
      }
    }
    ellipsis={true}
    key="2"
  />,
]
`;

exports[`Home component signed-in. 1`] = `""`;

exports[`Home component with no article. 1`] = `""`;
