// Jest Snapshot v1, https://goo.gl/fbAQLP

exports[`HomeHoc component is unchanged. 1`] = `
<Home
  blogPage={
    Object {
      "articles": Array [],
    }
  }
/>
`;
