// Jest Snapshot v1, https://goo.gl/fbAQLP

exports[`Layout component with content is unchanged. 1`] = `
<aside>
  <BlogHistory
    menu={
      Object {
        "links": Array [],
        "title": "",
      }
    }
  />
  <article>
    <h1>
      About CÃ©dric
    </h1>
    <div
      className="article-content"
    >
      I am a passionated software engineer that enjoys web development, web security, Android development... and a bunch of other stuff.
      <br />
      I live in The Land Of Smile (Thailand) and currently work at
      <a
        href="https://www.agoda.com"
        rel="noopener noreferrer"
        target="_blank"
      >
        Agoda
      </a>
       
      as a Software Development Manager.
    </div>
  </article>
  <ul>
    <li>
      Source Code hosted in
      <a
        href="https://github.com/jscoobyced/sawan.io"
        rel="noopener noreferrer"
        target="_blank"
      >
        <img
          alt="GitHub"
          src="github.png"
          title="Source code hosted in GitHub"
        />
      </a>
    </li>
    <li>
      Website built with
      <a
        href="https://ci.appveyor.com/project/jscoobyced/sawan-io"
        rel="noopener noreferrer"
        target="_blank"
      >
        <img
          alt="AppVeyor"
          src="appveyor.png"
          title="Webiste built with AppVeyor"
        />
      </a>
    </li>
    <li>
      Code quality by
      <a
        href="https://codecov.io/gh/jscoobyced/sawan.io"
        rel="noopener noreferrer"
        target="_blank"
      >
        <img
          alt="CodeCov"
          src="codecov.png"
          title="Code quality with CodeCov"
        />
      </a>
       
      and
      <a
        href="https://sonarcloud.io/dashboard?id=sawan"
        rel="noopener noreferrer"
        target="_blank"
      >
        <img
          alt="SonarQube"
          src="sonarqube.png"
          title="Code quality with SonarQube"
        />
      </a>
    </li>
  </ul>
</aside>
`;
