// Jest Snapshot v1, https://goo.gl/fbAQLP

exports[`Page content is preserved 1`] = `
<BrowserRouter
  basename=""
>
  <Layout
    allContent={
      Object {
        "homeContent": Object {
          "article": Array [
            "Grand opening of sawan.io.<br />This website is about my personal training on various web-technologies: TypeScript, webpack, ReactJS, Secure HTTP headers... It includes a simple (and a bit naive :) ) crypto-currency analyser: it can suggest you to sell or buy. Use at your own risk, it is amateur predictions, you have been warned :)<br />There will be also an application to track health metrics (weight, % body fat, vascular fat ratio... Or not, this will be my next project :)<br /> This project is open-sourced on <a target='_blank' href='https://github.com/jscoobyced/sawan.io'>Github</a>. Enjoy and have fun.",
            "Lorem ipsum dolor sit amet, consectetur adipiscing elit, sed do eiusmod tempor incididunt ut labore et dolore magna aliqua. Ut enim ad minim veniam, quis nostrud exercitation ullamco laboris nisi ut aliquip ex ea commodo consequat. Duis aute irure dolor in reprehenderit in voluptate velit esse cillum dolore eu fugiat nulla pariatur.<br />Excepteur sint occaecat cupidatat non proident, sunt in culpa qui officia deserunt mollit anim id est laborum. Commodo quis imperdiet massa tincidunt. Non enim praesent elementum facilisis leo. Adipiscing diam donec adipiscing tristique. Velit euismod in pellentesque massa placerat. Interdum velit euismod in pellentesque. Phasellus vestibulum lorem sed risus ultricies tristique nulla. Egestas erat imperdiet sed euismod nisi porta lorem mollis aliquam. Nulla facilisi etiam dignissim diam quis enim lobortis scelerisque fermentum. Morbi tristique senectus et netus et malesuada fames.<br />Nisi vitae suscipit tellus mauris a diam maecenas. Sed risus ultricies tristique nulla aliquet. Sagittis eu volutpat odio facilisis mauris sit amet. Tempor orci eu lobortis elementum nibh tellus molestie nunc non. Turpis nunc eget lorem dolor.",
            "Lorem ipsum dolor sit amet, consectetur adipiscing elit, sed do eiusmod tempor incididunt ut labore et dolore magna aliqua. Ut enim ad minim veniam, quis nostrud exercitation ullamco laboris nisi ut aliquip ex ea commodo consequat. Duis aute irure dolor in reprehenderit in voluptate velit esse cillum dolore eu fugiat nulla pariatur. Excepteur sint occaecat cupidatat non proident, sunt in culpa qui officia deserunt mollit anim id est laborum. Commodo quis imperdiet massa tincidunt. Non enim praesent elementum facilisis leo. Adipiscing diam donec adipiscing tristique. Velit euismod in pellentesque massa placerat. Interdum velit euismod in pellentesque. Phasellus vestibulum lorem sed risus ultricies tristique nulla. Egestas erat imperdiet sed euismod nisi porta lorem mollis aliquam. Nulla facilisi etiam dignissim diam quis enim lobortis scelerisque fermentum. Morbi tristique senectus et netus et malesuada fames.<br />Nisi vitae suscipit tellus mauris a diam maecenas. Sed risus ultricies tristique nulla aliquet. Sagittis eu volutpat odio facilisis mauris sit amet. Tempor orci eu lobortis elementum nibh tellus molestie nunc non. Turpis nunc eget lorem dolor. Duis aute irure dolor in reprehenderit in voluptate velit esse cillum dolore eu fugiat nulla pariatur. Excepteur sint occaecat cupidatat non proident, sunt in culpa qui officia deserunt mollit anim id est laborum. Commodo quis imperdiet massa tincidunt. Non enim praesent elementum facilisis leo. Adipiscing diam donec adipiscing tristique. Velit euismod in pellentesque massa placerat. Interdum velit euismod in pellentesque. Phasellus vestibulum lorem sed risus ultricies tristique nulla.<br />Egestas erat imperdiet sed euismod nisi porta lorem mollis aliquam. Nulla facilisi etiam dignissim diam quis enim lobortis scelerisque fermentum. Morbi tristique senectus et netus et malesuada fames. Nisi vitae suscipit tellus mauris a diam maecenas. Sed risus ultricies tristique nulla aliquet.",
          ],
          "articleTitle": Array [
            "Latest news - 2018-11-15",
            "Lorem Ipsum",
            "Some other news",
          ],
        },
        "navigationMenuContent": Object {
          "about": "About",
          "applications": "Applications",
          "cryptoCurrency": "Cryptocurrency",
          "healthMonitor": "Health Monitor",
          "home": "Home",
          "websiteName": "sawan.io",
        },
      }
    }
  >
    <Route
      component={[Function]}
      exact={true}
      path="/"
    />
    <Route
      component={[Function]}
      path="/candle"
    />
    <Route
      component={[Function]}
      path="/health"
    />
  </Layout>
</BrowserRouter>
`;
