// Jest Snapshot v1, https://goo.gl/fbAQLP

exports[`CandleChartPageHoc snapshot. 1`] = `
<div>
  <Component
    currencyOptions={Array []}
    onChangeCurrency={[Function]}
  />
  <CandleChartComponent
    currency=""
    loading={true}
    pairings={Array []}
  />
</div>
`;
